<html>
<body>
<pre>
<h1>µVision Build Log</h1>
<h2>Project:</h2>
C:\Users\Rosswell\Documents\Arm_Traffic_Controller\C10_TableTrafficLight\TableTrafficLight.uvproj
Project File Date:  03/02/2018

<h2>Output:</h2>
Rebuild target 'TableTrafficLight'
assembling startup.s...
compiling SysTick.c...
compiling PLL.c...
compiling TableTrafficLight.c...
linking...
Program Size: Code=1496 RO-data=464 RW-data=8 ZI-data=1120  
".\TableTrafficLight.axf" - 0 Error(s), 0 Warning(s).
Load "C:\\Users\\Rosswell\\Documents\\Arm_Traffic_Controller\\C10_TableTrafficLight\\TableTrafficLight.axf" 
Connecting: Mode=JTAG, Speed=1000000Hz
Erase Done.
Programming Done.
Verify OK.
</pre>
</body>
</html>
